// Jest Snapshot v1, https://goo.gl/fbAQLP

exports[`<CarouselItem /> Should render correctly 1`] = `
<View
  style={
    Array [
      Object {
        "flexBasis": 0,
        "flexGrow": 1,
        "flexShrink": 1,
        "height": 300,
        "marginTop": 30,
      },
    ]
  }
>
  <View
    style={
      Array [
        Object {
          "alignItems": "center",
          "flexBasis": 0,
          "flexGrow": 1,
          "flexShrink": 1,
          "justifyContent": "center",
        },
      ]
    }
  >
    <Text
      align={true}
      distance={
        Array [
          0,
          40,
          0,
          40,
        ]
      }
      style={
        Array [
          Object {
            "color": "#FFFFFF",
            "fontFamily": "Jawwy-Medium",
            "fontSize": 48,
            "letterSpacing": 0,
            "lineHeight": 72,
            "paddingBottom": 0,
            "paddingLeft": 80,
            "paddingRight": 80,
            "paddingTop": 0,
            "textAlign": "center",
            "textTransform": "none",
          },
        ]
      }
      type="H3"
    >
      
    </Text>
  </View>
  <View
    style={
      Array [
        Object {
          "alignItems": "center",
          "flexBasis": 0,
          "flexGrow": 3,
          "flexShrink": 1,
          "justifyContent": "center",
        },
      ]
    }
  >
    <Image
      height="100%"
      resizeMode="contain"
      source={
        Object {
          "testUri": "../../../src/assets/jawwy_logo.png",
        }
      }
      style={
        Array [
          Object {
            "alignSelf": "center",
            "height": "100%",
            "marginBottom": 100,
            "marginLeft": 0,
            "marginRight": 0,
            "marginTop": 100,
            "width": "100%",
          },
          Object {},
        ]
      }
      width="100%"
    />
  </View>
  <View
    style={
      Array [
        Object {
          "alignItems": "center",
          "flexBasis": 0,
          "flexGrow": 1,
          "flexShrink": 1,
          "justifyContent": "center",
        },
      ]
    }
  >
    <Text
      align={true}
      distance={
        Array [
          0,
          48,
          0,
          48,
        ]
      }
      style={
        Array [
          Object {
            "color": "#FFFFFF",
            "fontFamily": "Jawwy-Regular",
            "fontSize": 32,
            "letterSpacing": 0,
            "lineHeight": 40,
            "paddingBottom": 0,
            "paddingLeft": 96,
            "paddingRight": 96,
            "paddingTop": 0,
            "textAlign": "center",
            "textTransform": "none",
          },
        ]
      }
      type="P1"
    >
      
    </Text>
  </View>
</View>
`;
