// Jest Snapshot v1, https://goo.gl/fbAQLP

exports[`<BackButton /> Should be render correctly 1`] = `
<View
  accessible={true}
  focusable={true}
  onClick={[Function]}
  onResponderGrant={[Function]}
  onResponderMove={[Function]}
  onResponderRelease={[Function]}
  onResponderTerminate={[Function]}
  onResponderTerminationRequest={[Function]}
  onStartShouldSetResponder={[Function]}
  style={
    Object {
      "marginLeft": 40,
      "marginTop": 0,
      "opacity": 1,
      "paddingBottom": 0,
      "paddingLeft": 0,
      "paddingRight": 40,
      "paddingTop": 0,
    }
  }
>
  <Image
    source={
      Object {
        "testUri": "../../../src/assets/icons/back.png",
      }
    }
    style={
      Array [
        Object {
          "height": 28,
          "tintColor": "#FFFFFF",
          "transform": Array [
            Object {
              "scaleX": 1,
            },
          ],
          "width": 16,
        },
      ]
    }
  />
</View>
`;
