// Jest Snapshot v1, https://goo.gl/fbAQLP

exports[`<KeyboardAvoidingView /> Should be render correctly 1`] = `
<View
  onLayout={[Function]}
  style={
    Array [
      Array [
        Object {
          "flexBasis": 0,
          "flexGrow": 1,
          "flexShrink": 1,
        },
      ],
      Object {
        "paddingBottom": 0,
      },
    ]
  }
/>
`;
